../mongoose/mongoose_impl.c:141:27:get_api_handler	32	static
../mongoose/mongoose_impl.c:157:27:find_handler	24	static
../mongoose/mongoose_impl.c:162:6:mg_json_get_str2	48	static
../mongoose/mongoose_impl.c:170:6:mongoose_set_http_handlers	24	static
../mongoose/mongoose_impl.c:284:13:close_uploaded_file	16	static
../mongoose/mongoose_impl.c:293:13:file_closer	16	static
../mongoose/mongoose_impl.c:299:13:file_writer	32	static
../mongoose/mongoose_impl.c:306:13:upload_handler	64	static
../mongoose/mongoose_impl.c:344:13:get_file_name_from_uri	72	static
../mongoose/mongoose_impl.c:351:13:prep_upload	160	static
../mongoose/mongoose_impl.c:376:13:handle_uploads	64	static
../mongoose/mongoose_impl.c:397:13:handle_action	40	static
../mongoose/mongoose_impl.c:414:8:print_struct	64	static
../mongoose/mongoose_impl.c:438:13:handle_object	168	static
../mongoose/mongoose_impl.c:475:15:print_array	112	static
../mongoose/mongoose_impl.c:490:13:handle_array	176	static
../mongoose/mongoose_impl.c:502:8:print_timeseries	64	static
../mongoose/mongoose_impl.c:514:13:handle_file	152	static
../mongoose/mongoose_impl.c:521:13:handle_api_call	40	static
../mongoose/mongoose_impl.c:539:6:glue_update_state	4	static
../mongoose/mongoose_impl.c:544:13:http_ev_handler	184	static
../mongoose/mongoose_impl.c:673:6:mongoose_add_ws_handler	16	static
../mongoose/mongoose_impl.c:686:13:sntp_ev_handler	40	static
../mongoose/mongoose_impl.c:696:13:sntp_timer	32	static
../mongoose/mongoose_impl.c:707:6:mongoose_set_sntp_handler	16	static
../mongoose/mongoose_impl.c:710:6:mongoose_set_sntp_server	16	static
../mongoose/mongoose_impl.c:722:13:mqtt_event_handler	48	static
../mongoose/mongoose_impl.c:735:13:mqtt_timer	16	static
../mongoose/mongoose_impl.c:742:6:mongoose_set_mqtt_handlers	16	static
../mongoose/mongoose_impl.c:857:13:dns_fn	576	static
../mongoose/mongoose_impl.c:894:6:mongoose_init	24	static
../mongoose/mongoose_impl.c:944:6:mongoose_poll	8	static
