../mongoose/mongoose.h:298:20:mg_free	16	static
../mongoose/mongoose.h:303:21:mg_calloc	24	static
../mongoose/mongoose.c:27:12:mg_base64_encode_single	16	static
../mongoose/mongoose.c:39:12:mg_base64_decode_single	16	static
../mongoose/mongoose.c:57:8:mg_base64_update	32	static
../mongoose/mongoose.c:73:8:mg_base64_final	24	static
../mongoose/mongoose.c:84:8:mg_base64_encode	32	static
../mongoose/mongoose.c:93:8:mg_base64_decode	48	static
../mongoose/mongoose.c:140:13:mg_dns_free	24	static
../mongoose/mongoose.c:145:6:mg_resolve_cancel	32	static
../mongoose/mongoose.c:154:15:mg_dns_parse_name_depth	56	static
../mongoose/mongoose.c:191:15:mg_dns_parse_name	40	static
../mongoose/mongoose.c:196:8:mg_dns_parse_rr	40	static
../mongoose/mongoose.c:220:6:mg_dns_parse	64	static
../mongoose/mongoose.c:273:13:dns_cb	344	static
../mongoose/mongoose.c:329:13:mg_dns_send	312	static
../mongoose/mongoose.c:357:6:mg_dnsc_init	16	static
../mongoose/mongoose.c:370:13:mg_sendnsreq	56	static
../mongoose/mongoose.c:393:6:mg_resolve	40	static
../mongoose/mongoose.c:413:13:mdns_cb	712	static
../mongoose/mongoose.c:468:23:mg_mdns_listen	24	static
../mongoose/mongoose.c:485:6:mg_call	24	static
../mongoose/mongoose.c:502:6:mg_error	92	static
../mongoose/mongoose.c:527:6:mg_ota_flash_begin	24	static
../mongoose/mongoose.c:547:6:mg_ota_flash_write	80	dynamic
../mongoose/mongoose.c:568:6:mg_ota_flash_end	40	static
../mongoose/mongoose.c:593:13:is_digit	16	static
../mongoose/mongoose.c:597:12:addexp	32	static
../mongoose/mongoose.c:609:12:xisinf	24	static
../mongoose/mongoose.c:618:12:xisnan	24	static
../mongoose/mongoose.c:628:15:mg_dtoa	136	static
../mongoose/mongoose.c:697:15:mg_lld	64	static
../mongoose/mongoose.c:719:15:scpy	32	static
../mongoose/mongoose.c:726:8:mg_xprintf	24	static
../mongoose/mongoose.c:735:8:mg_vxprintf	176	static
../mongoose/mongoose.c:831:15:mg_fs_open	32	static
../mongoose/mongoose.c:844:6:mg_fs_close	16	static
../mongoose/mongoose.c:851:15:mg_file_read	40	static
../mongoose/mongoose.c:868:6:mg_file_write	168	static
../mongoose/mongoose.c:887:6:mg_file_printf	32	static
../mongoose/mongoose.c:904:13:mg_fs_ls_fn	24	static
../mongoose/mongoose.c:913:6:mg_fs_ls	32	static
../mongoose/mongoose.c:1079:15:mg_unpacked	24	static
../mongoose/mongoose.c:1085:12:is_dir_prefix	24	static
../mongoose/mongoose.c:1091:12:packed_stat	40	static
../mongoose/mongoose.c:1102:13:packed_list	312	static
../mongoose/mongoose.c:1123:14:packed_open	32	static
../mongoose/mongoose.c:1136:13:packed_close	16	static
../mongoose/mongoose.c:1140:15:packed_read	32	static
../mongoose/mongoose.c:1148:15:packed_write	24	static
../mongoose/mongoose.c:1153:15:packed_seek	24	static
../mongoose/mongoose.c:1160:13:packed_rename	16	static
../mongoose/mongoose.c:1165:13:packed_remove	16	static
../mongoose/mongoose.c:1170:13:packed_mkdir	16	static
../mongoose/mongoose.c:1401:12:p_stat	24	static
../mongoose/mongoose.c:1405:13:p_list	24	static
../mongoose/mongoose.c:1409:14:p_open	16	static
../mongoose/mongoose.c:1413:13:p_close	16	static
../mongoose/mongoose.c:1416:15:p_read	24	static
../mongoose/mongoose.c:1420:15:p_write	24	static
../mongoose/mongoose.c:1424:15:p_seek	16	static
../mongoose/mongoose.c:1428:13:p_rename	16	static
../mongoose/mongoose.c:1432:13:p_remove	16	static
../mongoose/mongoose.c:1436:13:p_mkdir	16	static
../mongoose/mongoose.c:1461:12:mg_ncasecmp	40	static
../mongoose/mongoose.c:1473:6:mg_to_size_t	48	static
../mongoose/mongoose.c:1507:8:mg_http_next_multipart	112	static
../mongoose/mongoose.c:1547:6:mg_http_bauth	56	static
../mongoose/mongoose.c:1573:15:mg_http_var	64	static
../mongoose/mongoose.c:1585:5:mg_http_get_var	56	static
../mongoose/mongoose.c:1607:13:isx	16	static
../mongoose/mongoose.c:1612:5:mg_url_decode	48	static
../mongoose/mongoose.c:1634:13:isok	16	static
../mongoose/mongoose.c:1638:5:mg_http_get_request_len	24	static
../mongoose/mongoose.c:1648:16:mg_http_get_header	40	static
../mongoose/mongoose.c:1658:13:vcb	16	static
../mongoose/mongoose.c:1663:15:clen	32	static
../mongoose/mongoose.c:1675:20:skiptorn	24	static
../mongoose/mongoose.c:1684:13:mg_http_parse_headers	48	static
../mongoose/mongoose.c:1708:5:mg_http_parse	80	static
../mongoose/mongoose.c:1793:13:mg_http_vprintf_chunk	32	static
../mongoose/mongoose.c:1806:6:mg_http_printf_chunk	28	static
../mongoose/mongoose.c:1813:6:mg_http_write_chunk	24	static
../mongoose/mongoose.c:1821:20:mg_http_status_code_str	16	static
../mongoose/mongoose.c:1891:6:mg_http_reply	52	static
../mongoose/mongoose.c:1910:13:restore_http_cb	16	static
../mongoose/mongoose.c:1918:7:mg_http_etag	48	static
../mongoose/mongoose.c:1923:13:static_cb	48	static
../mongoose/mongoose.c:1983:22:guess_content_type	88	static
../mongoose/mongoose.c:2007:12:getrange	56	static
../mongoose/mongoose.c:2023:6:mg_http_serve_file	528	static
../mongoose/mongoose.c:2230:12:uri_to_path2	72	static
../mongoose/mongoose.c:2290:12:uri_to_path	120	static
../mongoose/mongoose.c:2305:6:mg_http_serve_dir	184	static
../mongoose/mongoose.c:2325:13:mg_is_url_safe	16	static
../mongoose/mongoose.c:2330:8:mg_url_encode	48	static
../mongoose/mongoose.c:2347:6:mg_http_creds	328	static
../mongoose/mongoose.c:2369:22:stripquotes	24	static
../mongoose/mongoose.c:2375:15:mg_http_get_header_var	56	static
../mongoose/mongoose.c:2392:6:mg_http_upload	344	static
../mongoose/mongoose.c:2436:5:mg_http_status	16	static
../mongoose/mongoose.c:2440:13:is_hex_digit	16	static
../mongoose/mongoose.c:2445:12:skip_chunk	48	static
../mongoose/mongoose.c:2461:13:http_cb	656	static
../mongoose/mongoose.c:2569:23:mg_http_connect	32	static
../mongoose/mongoose.c:2574:23:mg_http_listen	32	static
../mongoose/mongoose.c:2589:15:roundup	16	static
../mongoose/mongoose.c:2593:5:mg_iobuf_resize	56	static
../mongoose/mongoose.c:2619:5:mg_iobuf_init	24	static
../mongoose/mongoose.c:2626:8:mg_iobuf_add	32	static
../mongoose/mongoose.c:2638:8:mg_iobuf_del	24	static
../mongoose/mongoose.c:2647:6:mg_iobuf_free	16	static
../mongoose/mongoose.c:2659:20:escapeseq	16	static
../mongoose/mongoose.c:2663:13:json_esc	32	static
../mongoose/mongoose.c:2671:12:mg_pass_string	24	static
../mongoose/mongoose.c:2685:15:mg_atod	72	static
../mongoose/mongoose.c:2732:8:mg_json_next	64	static
../mongoose/mongoose.c:2780:5:mg_json_get	120	static
../mongoose/mongoose.c:2923:15:mg_json_get_tok	32	static
../mongoose/mongoose.c:2929:6:mg_json_get_num	48	static
../mongoose/mongoose.c:2939:6:mg_json_get_bool	40	static
../mongoose/mongoose.c:2948:6:mg_json_unescape	64	static
../mongoose/mongoose.c:2973:7:mg_json_get_str	48	static
../mongoose/mongoose.c:2987:7:mg_json_get_b64	48	static
../mongoose/mongoose.c:2999:7:mg_json_get_hex	64	static
../mongoose/mongoose.c:3015:6:mg_json_get_long	48	static
../mongoose/mongoose.c:3034:6:mg_log_set_fn	16	static
../mongoose/mongoose.c:3039:13:logc	16	static
../mongoose/mongoose.c:3043:13:logs	24	static
../mongoose/mongoose.c:3051:6:mg_log_prefix	112	static
../mongoose/mongoose.c:3063:6:mg_log	16	static
../mongoose/mongoose.c:3072:22:nibble	16	static
../mongoose/mongoose.c:3077:6:mg_hexdump	48	static
../mongoose/mongoose.c:3121:13:mg_byte_reverse	24	static
../mongoose/mongoose.c:3146:6:mg_md5_init	16	static
../mongoose/mongoose.c:3156:13:mg_md5_transform	32	static
../mongoose/mongoose.c:3238:6:mg_md5_update	32	static
../mongoose/mongoose.c:3273:6:mg_md5_final	32	static
../mongoose/mongoose.c:3355:6:mg_mqtt_send_header	40	static
../mongoose/mongoose.c:3368:13:mg_send_u16	16	static
../mongoose/mongoose.c:3372:13:mg_send_u32	16	static
../mongoose/mongoose.c:3376:16:varint_size	24	static
../mongoose/mongoose.c:3385:15:encode_varint	24	static
../mongoose/mongoose.c:3398:15:decode_varint	40	static
../mongoose/mongoose.c:3413:12:mqtt_prop_type_by_id	24	static
../mongoose/mongoose.c:3423:15:get_properties_length	24	static
../mongoose/mongoose.c:3460:15:get_props_size	24	static
../mongoose/mongoose.c:3466:13:mg_send_mqtt_properties	48	static
../mongoose/mongoose.c:3508:8:mg_mqtt_next_prop	40	static
../mongoose/mongoose.c:3562:6:mg_mqtt_login	64	static
../mongoose/mongoose.c:3627:10:mg_mqtt_pub	48	static
../mongoose/mongoose.c:3656:6:mg_mqtt_sub	32	static
../mongoose/mongoose.c:3671:5:mg_mqtt_parse	48	static
../mongoose/mongoose.c:3742:13:mqtt_cb	120	static
../mongoose/mongoose.c:3814:6:mg_mqtt_ping	16	static
../mongoose/mongoose.c:3818:6:mg_mqtt_pong	16	static
../mongoose/mongoose.c:3822:6:mg_mqtt_disconnect	24	static
../mongoose/mongoose.c:3835:23:mg_mqtt_connect	104	static
../mongoose/mongoose.c:3847:23:mg_mqtt_listen	32	static
../mongoose/mongoose.c:3866:8:mg_vprintf	32	static
../mongoose/mongoose.c:3872:8:mg_printf	28	static
../mongoose/mongoose.c:3881:13:mg_atonl	40	static
../mongoose/mongoose.c:3889:13:mg_atone	24	static
../mongoose/mongoose.c:3896:13:mg_aton4	40	static
../mongoose/mongoose.c:3917:13:mg_v4mapped	40	static
../mongoose/mongoose.c:3935:13:mg_aton6	72	static
../mongoose/mongoose.c:3977:6:mg_aton	24	static
../mongoose/mongoose.c:3983:23:mg_alloc_conn	24	static
../mongoose/mongoose.c:3995:6:mg_close_conn	24	static
../mongoose/mongoose.c:4015:23:mg_connect_svc	32	static
../mongoose/mongoose.c:4040:23:mg_connect	32	static
../mongoose/mongoose.c:4045:23:mg_listen	32	static
../mongoose/mongoose.c:4068:23:mg_wrapfd	32	static
../mongoose/mongoose.c:4082:18:mg_timer_add	48	static
../mongoose/mongoose.c:4092:6:mg_io_recv	24	static
../mongoose/mongoose.c:4100:6:mg_mgr_free	32	static
../mongoose/mongoose.c:4120:6:mg_mgr_init	16	static
../mongoose/mongoose.c:4301:13:mg_tcpip_call	24	static
../mongoose/mongoose.c:4307:13:mkpay	32	static
../mongoose/mongoose.c:4312:17:csumup	32	static
../mongoose/mongoose.c:4319:17:csumfin	16	static
../mongoose/mongoose.c:4324:17:ipcsum	24	static
../mongoose/mongoose.c:4329:13:settmout	56	static
../mongoose/mongoose.c:4343:15:ether_output	24	static
../mongoose/mongoose.c:4349:6:mg_tcpip_arp_request	32	static
../mongoose/mongoose.c:4364:13:onstatechange	16	static
../mongoose/mongoose.c:4379:19:tx_ip	32	static
../mongoose/mongoose.c:4399:13:tx_udp	48	static
../mongoose/mongoose.c:4424:13:tx_dhcp	336	static
../mongoose/mongoose.c:4441:13:tx_dhcp_request_sel	96	static
../mongoose/mongoose.c:4467:13:tx_dhcp_request_re	48	static
../mongoose/mongoose.c:4477:13:tx_dhcp_discover	40	static
../mongoose/mongoose.c:4487:30:getpeer	32	static
../mongoose/mongoose.c:4505:13:rx_arp	48	static
../mongoose/mongoose.c:4547:13:rx_icmp	48	static
../mongoose/mongoose.c:4567:13:rx_dhcp_client	96	static
../mongoose/mongoose.c:4630:13:rx_dhcp_server	376	static
../mongoose/mongoose.c:4669:13:rx_udp	24	static
../mongoose/mongoose.c:4691:15:tx_tcp	88	static
../mongoose/mongoose.c:4732:15:tx_tcp_pkt	72	static
../mongoose/mongoose.c:4741:30:accept_conn	32	static
../mongoose/mongoose.c:4772:15:trim_len	48	static
../mongoose/mongoose.c:4799:6:mg_io_send	80	static
../mongoose/mongoose.c:4825:13:handle_tls_recv	32	static
../mongoose/mongoose.c:4845:13:read_conn	88	static
../mongoose/mongoose.c:4938:13:handle_opt	32	static
../mongoose/mongoose.c:4956:13:rx_tcp	48	static
../mongoose/mongoose.c:5010:13:rx_ip	64	static
../mongoose/mongoose.c:5056:13:rx_ip6	16	static
../mongoose/mongoose.c:5072:13:mg_tcpip_rx	88	static
../mongoose/mongoose.c:5118:13:mg_tcpip_poll	104	static
../mongoose/mongoose.c:5234:6:mg_tcpip_qwrite	32	static
../mongoose/mongoose.c:5245:6:mg_tcpip_init	24	static
../mongoose/mongoose.c:5282:6:mg_tcpip_free	16	static
../mongoose/mongoose.c:5288:13:send_syn	64	static
../mongoose/mongoose.c:5297:13:mac_resolved	16	static
../mongoose/mongoose.c:5307:13:ip4_mcastmac	24	static
../mongoose/mongoose.c:5314:6:mg_connect_resolved	48	static
../mongoose/mongoose.c:5348:6:mg_open_listener	24	static
../mongoose/mongoose.c:5357:13:write_conn	24	static
../mongoose/mongoose.c:5368:13:init_closure	72	static
../mongoose/mongoose.c:5380:13:close_conn	24	static
../mongoose/mongoose.c:5386:13:can_write	16	static
../mongoose/mongoose.c:5391:6:mg_mgr_poll	96	static
../mongoose/mongoose.c:5424:6:mg_send	64	static
../mongoose/mongoose.c:5446:6:mg_multicast_add	16	static
../mongoose/mongoose.c:5454:13:setdns4	24	static
../mongoose/mongoose.c:7446:21:is_dualbank	4	static
../mongoose/mongoose.c:7456:21:flash_unlock	8	static
../mongoose/mongoose.c:7471:21:flash_page_start	32	static
../mongoose/mongoose.c:7478:21:flash_is_err	16	static
../mongoose/mongoose.c:7482:21:flash_wait	16	static
../mongoose/mongoose.c:7486:21:flash_clear_err	16	static
../mongoose/mongoose.c:7491:21:flash_bank_is_swapped	16	static
../mongoose/mongoose.c:7496:25:flash_bank	24	static
../mongoose/mongoose.c:7503:21:mg_stm32h7_erase	48	static
../mongoose/mongoose.c:7530:21:mg_stm32h7_swap	16	static
../mongoose/mongoose.c:7546:21:mg_stm32h7_write	56	static,ignoring_inline_asm
../mongoose/mongoose.c:7579:21:single_bank_swap	32	static
../mongoose/mongoose.c:7587:6:mg_ota_begin	16	static
../mongoose/mongoose.c:7600:6:mg_ota_write	16	static
../mongoose/mongoose.c:7604:6:mg_ota_end	8	static
../mongoose/mongoose.c:7635:8:mg_queue_vprintf	32	static
../mongoose/mongoose.c:7647:8:mg_queue_printf	28	static
../mongoose/mongoose.c:7656:13:mg_pfn_iobuf_private	24	static
../mongoose/mongoose.c:7667:13:mg_putchar_iobuf_static	16	static
../mongoose/mongoose.c:7671:6:mg_pfn_iobuf	16	static
../mongoose/mongoose.c:7675:8:mg_vsnprintf	48	static
../mongoose/mongoose.c:7682:8:mg_snprintf	24	static
../mongoose/mongoose.c:7691:7:mg_vmprintf	32	static
../mongoose/mongoose.c:7697:7:mg_mprintf	16	static
../mongoose/mongoose.c:7706:6:mg_pfn_stdout	16	static
../mongoose/mongoose.c:7711:15:print_ip4	40	static
../mongoose/mongoose.c:7715:15:print_ip6	80	static
../mongoose/mongoose.c:7722:8:mg_print_ip4	32	static
../mongoose/mongoose.c:7727:8:mg_print_ip6	32	static
../mongoose/mongoose.c:7732:8:mg_print_ip	32	static
../mongoose/mongoose.c:7738:8:mg_print_ip_port	40	static
../mongoose/mongoose.c:7743:8:mg_print_mac	64	static
../mongoose/mongoose.c:7749:13:mg_esc	32	static
../mongoose/mongoose.c:7757:13:mg_escape	16	static
../mongoose/mongoose.c:7761:15:qcpy	40	static
../mongoose/mongoose.c:7775:15:bcpy	48	static
../mongoose/mongoose.c:7792:8:mg_print_hex	40	static
../mongoose/mongoose.c:7803:8:mg_print_base64	32	static
../mongoose/mongoose.c:7809:8:mg_print_esc	32	static
../mongoose/mongoose.c:7845:6:mg_queue_init	24	static
../mongoose/mongoose.c:7851:15:mg_queue_read_len	24	static
../mongoose/mongoose.c:7859:13:mg_queue_write_len	24	static
../mongoose/mongoose.c:7865:8:mg_queue_book	32	static
../mongoose/mongoose.c:7878:8:mg_queue_next	24	static
../mongoose/mongoose.c:7892:6:mg_queue_add	16	static
../mongoose/mongoose.c:7899:6:mg_queue_del	16	static
../mongoose/mongoose.c:7911:6:mg_rpc_add	48	static
../mongoose/mongoose.c:7922:6:mg_rpc_del	24	static
../mongoose/mongoose.c:7935:13:mg_rpc_call	40	static
../mongoose/mongoose.c:7946:6:mg_rpc_process	48	static
../mongoose/mongoose.c:7960:6:mg_rpc_vok	72	static
../mongoose/mongoose.c:7970:6:mg_rpc_ok	28	static
../mongoose/mongoose.c:7977:6:mg_rpc_verr	80	static
../mongoose/mongoose.c:7990:6:mg_rpc_err	24	static
../mongoose/mongoose.c:7997:15:print_methods	56	static
../mongoose/mongoose.c:8008:6:mg_rpc_list	16	static
../mongoose/mongoose.c:8027:17:blk0	16	static
../mongoose/mongoose.c:8064:13:mg_sha1_transform	112	static
../mongoose/mongoose.c:8171:6:mg_sha1_init	16	static
../mongoose/mongoose.c:8180:6:mg_sha1_update	32	static
../mongoose/mongoose.c:8200:6:mg_sha1_final	32	static
../mongoose/mongoose.c:8256:6:mg_sha256_init	16	static
../mongoose/mongoose.c:8269:13:mg_sha256_chunk	320	static
../mongoose/mongoose.c:8313:6:mg_sha256_update	40	static
../mongoose/mongoose.c:8327:6:mg_sha256_final	40	static
../mongoose/mongoose.c:8366:6:mg_sha256	136	static
../mongoose/mongoose.c:8373:6:mg_hmac_sha256	344	static
../mongoose/mongoose.c:8437:13:mg_sha384_transform	1224	static
../mongoose/mongoose.c:8482:6:mg_sha384_init	16	static
../mongoose/mongoose.c:8496:6:mg_sha384_update	48	static
../mongoose/mongoose.c:8510:6:mg_sha384_final	56	static
../mongoose/mongoose.c:8555:6:mg_sha384	240	static
../mongoose/mongoose.c:8576:10:mg_now	16	static
../mongoose/mongoose.c:8580:16:gettimestamp	56	static
../mongoose/mongoose.c:8586:9:mg_sntp_parse	120	static
../mongoose/mongoose.c:8611:13:sntp_cb	56	static
../mongoose/mongoose.c:8633:6:mg_sntp_request	96	static
../mongoose/mongoose.c:8648:23:mg_sntp_connect	32	static
../mongoose/mongoose.c:9516:6:mg_http_serve_ssi	24	static
../mongoose/mongoose.c:9529:15:mg_str_s	24	static
../mongoose/mongoose.c:9534:15:mg_str_n	32	static
../mongoose/mongoose.c:9539:12:mg_tolc	16	static
../mongoose/mongoose.c:9543:5:mg_casecmp	32	static
../mongoose/mongoose.c:9552:15:mg_strdup	40	static
../mongoose/mongoose.c:9566:5:mg_strcmp	40	static
../mongoose/mongoose.c:9580:5:mg_strcasecmp	48	static
../mongoose/mongoose.c:9594:6:mg_match	40	static
../mongoose/mongoose.c:9628:6:mg_span	48	static
../mongoose/mongoose.c:9641:6:mg_str_to_num	184	static
../mongoose/mongoose.c:9718:6:mg_timer_init	24	static
../mongoose/mongoose.c:9725:6:mg_timer_free	16	static
../mongoose/mongoose.c:9731:6:mg_timer_expired	56	static
../mongoose/mongoose.c:9739:6:mg_timer_poll	56	static
../mongoose/mongoose.c:10067:6:aes_init_keygen_tables	2072	static
../mongoose/mongoose.c:10139:12:aes_set_encryption_key	32	static
../mongoose/mongoose.c:10217:12:aes_set_decryption_key	328	static
../mongoose/mongoose.c:10254:12:aes_setkey	24	static
../mongoose/mongoose.c:10300:12:aes_cipher	64	static
../mongoose/mongoose.c:10496:5:mg_gcm_initialize	8	static
../mongoose/mongoose.c:10510:13:gcm_mult	128	static
../mongoose/mongoose.c:10556:12:gcm_setkey	192	static
../mongoose/mongoose.c:10629:5:gcm_start	64	static
../mongoose/mongoose.c:10697:5:gcm_update	72	static
../mongoose/mongoose.c:10761:5:gcm_finish	64	static
../mongoose/mongoose.c:10804:5:gcm_crypt_and_tag	32	static
../mongoose/mongoose.c:10836:6:gcm_zero_ctx	16	static
../mongoose/mongoose.c:10848:5:mg_aes_gcm_encrypt	688	static
../mongoose/mongoose.c:10867:5:mg_aes_gcm_decrypt	696	static
../mongoose/mongoose.c:11025:13:mg_tls_hexdump	32	static
../mongoose/mongoose.c:11036:12:mg_der_parse	40	static
../mongoose/mongoose.c:11056:12:mg_der_next	24	static
../mongoose/mongoose.c:11066:12:mg_der_find_oid	64	static
../mongoose/mongoose.c:11098:12:mg_der_to_tlv	32	static
../mongoose/mongoose.c:11120:13:mg_tls_got_record	16	static
../mongoose/mongoose.c:11127:13:mg_tls_drop_record	24	static
../mongoose/mongoose.c:11135:13:mg_tls_drop_message	32	static
../mongoose/mongoose.c:11154:13:mg_tls_derive_secret	336	static
../mongoose/mongoose.c:11172:13:mg_tls_generate_handshake_keys	312	static
../mongoose/mongoose.c:11238:13:mg_tls_generate_application_keys	312	static
../mongoose/mongoose.c:11289:13:mg_tls_encrypt	112	static
../mongoose/mongoose.c:11351:12:mg_tls_recv_record	80	static
../mongoose/mongoose.c:11423:13:mg_tls_calc_cert_verify_hash	360	static
../mongoose/mongoose.c:11447:12:mg_tls_server_recv_hello	56	static
../mongoose/mongoose.c:11520:13:mg_tls_server_send_hello	224	static
../mongoose/mongoose.c:11569:13:mg_tls_server_send_ext	32	static
../mongoose/mongoose.c:11577:13:mg_tls_server_send_cert	40	static
../mongoose/mongoose.c:11614:13:init_SHA256	24	static
../mongoose/mongoose.c:11619:13:update_SHA256	32	static
../mongoose/mongoose.c:11624:13:finish_SHA256	24	static
../mongoose/mongoose.c:11630:13:mg_tls_send_cert_verify	496	static
../mongoose/mongoose.c:11667:13:mg_tls_server_send_finish	216	static
../mongoose/mongoose.c:11679:12:mg_tls_server_recv_finish	136	static
../mongoose/mongoose.c:11701:13:mg_tls_client_send_hello	296	static
../mongoose/mongoose.c:11802:12:mg_tls_client_recv_hello	48	static
../mongoose/mongoose.c:11864:12:mg_tls_client_recv_ext	24	static
../mongoose/mongoose.c:11889:13:mg_der_debug_cert_name	120	static
../mongoose/mongoose.c:11905:12:mg_tls_parse_cert_der	200	static
../mongoose/mongoose.c:12047:12:mg_tls_verify_cert_san	88	static
../mongoose/mongoose.c:12073:12:mg_tls_verify_cert_signature	384	static
../mongoose/mongoose.c:12121:12:mg_tls_verify_cert_cn	56	static
../mongoose/mongoose.c:12131:12:mg_tls_client_recv_cert	896	static
../mongoose/mongoose.c:12249:12:mg_tls_client_recv_cert_verify	640	static
../mongoose/mongoose.c:12352:12:mg_tls_client_recv_finish	24	static
../mongoose/mongoose.c:12367:13:mg_tls_client_send_finish	216	static
../mongoose/mongoose.c:12378:13:mg_tls_client_handshake	408	static
../mongoose/mongoose.c:12438:13:mg_tls_server_handshake	24	static
../mongoose/mongoose.c:12465:6:mg_tls_handshake	24	static
../mongoose/mongoose.c:12481:12:mg_parse_pem	120	static
../mongoose/mongoose.c:12514:6:mg_tls_init	72	static
../mongoose/mongoose.c:12590:6:mg_tls_free	24	static
../mongoose/mongoose.c:12601:6:mg_tls_send	64	static
../mongoose/mongoose.c:12622:6:mg_tls_recv	40	static
../mongoose/mongoose.c:12650:8:mg_tls_pending	24	static
../mongoose/mongoose.c:12655:6:mg_tls_flush	24	static
../mongoose/mongoose.c:12664:6:mg_tls_ctx_init	16	static
../mongoose/mongoose.c:12668:6:mg_tls_ctx_free	16	static
../mongoose/mongoose.c:12778:13:initialize_state	24	static
../mongoose/mongoose.c:12830:13:core_block	88	static
../mongoose/mongoose.c:12878:13:xor_block	40	static
../mongoose/mongoose.c:12905:13:chacha20_xor_stream	176	static
../mongoose/mongoose.c:12943:13:rfc8439_keygen	152	static
../mongoose/mongoose.c:13383:22:U8TO32	16	static
../mongoose/mongoose.c:13392:13:U32TO8	16	static
../mongoose/mongoose.c:13399:13:poly1305_init	24	static
../mongoose/mongoose.c:13426:13:poly1305_blocks	960	static
../mongoose/mongoose.c:13503:31:poly1305_finish	200	static
../mongoose/mongoose.c:13885:13:poly1305_update	40	static
../mongoose/mongoose.c:13925:32:pad_if_needed	24	static
../mongoose/mongoose.c:13936:32:write_64bit_int	32	static
../mongoose/mongoose.c:13950:32:poly1305_calculate_mac	216	static
../mongoose/mongoose.c:13989:27:mg_chacha20_poly1305_encrypt	48	static
../mongoose/mongoose.c:14004:27:mg_chacha20_poly1305_decrypt	40	static
../mongoose/mongoose.c:14923:21:bi_initialize	16	static
../mongoose/mongoose.c:14942:18:bi_terminate	16	static
../mongoose/mongoose.c:14960:18:bi_clear_cache	24	static
../mongoose/mongoose.c:14981:21:bi_copy	16	static
../mongoose/mongoose.c:14993:18:bi_permanent	16	static
../mongoose/mongoose.c:15009:18:bi_depermanent	16	static
../mongoose/mongoose.c:15028:18:bi_free	16	static
../mongoose/mongoose.c:15058:21:int_to_bi	24	static
../mongoose/mongoose.c:15069:21:bi_clone	24	static
../mongoose/mongoose.c:15083:21:bi_add	56	static
../mongoose/mongoose.c:15120:21:bi_subtract	56	static
../mongoose/mongoose.c:15153:16:bi_int_multiply	112	static
../mongoose/mongoose.c:15187:21:bi_divide	160	static
../mongoose/mongoose.c:15295:16:bi_int_divide	72	static
../mongoose/mongoose.c:15399:21:bi_import	40	static
../mongoose/mongoose.c:15476:18:bi_export	48	static
../mongoose/mongoose.c:15511:18:bi_set_mod	40	static
../mongoose/mongoose.c:15549:6:bi_free_mod	16	static
../mongoose/mongoose.c:15572:16:regular_multiply	128	static
../mongoose/mongoose.c:15675:21:bi_multiply	32	static
../mongoose/mongoose.c:15764:17:bi_compare	32	static
../mongoose/mongoose.c:15800:13:more_comps	24	static
../mongoose/mongoose.c:15821:16:alloc	24	static
../mongoose/mongoose.c:15856:12:find_max_exp_index	32	static
../mongoose/mongoose.c:15878:12:exp_bit_is_one	32	static
../mongoose/mongoose.c:15915:16:trim	16	static
../mongoose/mongoose.c:16056:21:bi_mod_power	56	static
../mongoose/mongoose.c:16188:5:mg_rsa_mod_pow	48	static
../mongoose/mongoose.c:16425:6:mg_uecc_set_rng	16	static
../mongoose/mongoose.c:16429:22:mg_uecc_get_rng	4	static
../mongoose/mongoose.c:16433:5:mg_uecc_curve_private_key_size	16	static
../mongoose/mongoose.c:16437:5:mg_uecc_curve_public_key_size	16	static
../mongoose/mongoose.c:16442:22:mg_uecc_vli_clear	24	static
../mongoose/mongoose.c:16453:32:mg_uecc_vli_isZero	24	static
../mongoose/mongoose.c:16464:32:mg_uecc_vli_testBit	16	static
../mongoose/mongoose.c:16471:20:vli_numDigits	24	static
../mongoose/mongoose.c:16483:28:mg_uecc_vli_numBits	32	static
../mongoose/mongoose.c:16504:22:mg_uecc_vli_set	32	static
../mongoose/mongoose.c:16515:20:mg_uecc_vli_cmp_unsafe	32	static
../mongoose/mongoose.c:16531:32:mg_uecc_vli_equal	32	static
../mongoose/mongoose.c:16548:29:mg_uecc_vli_cmp	64	static
../mongoose/mongoose.c:16559:22:mg_uecc_vli_rshift1	32	static
../mongoose/mongoose.c:16575:32:mg_uecc_vli_add	40	static
../mongoose/mongoose.c:16594:32:mg_uecc_vli_sub	40	static
../mongoose/mongoose.c:16614:13:muladd	96	static
../mongoose/mongoose.c:16653:22:mg_uecc_vli_mult	56	static
../mongoose/mongoose.c:16774:22:mg_uecc_vli_modAdd	32	static
../mongoose/mongoose.c:16790:22:mg_uecc_vli_modSub	32	static
../mongoose/mongoose.c:16805:22:mg_uecc_vli_mmod	192	static
../mongoose/mongoose.c:16851:22:mg_uecc_vli_modMult	88	static
../mongoose/mongoose.c:16861:22:mg_uecc_vli_modMult_fast	88	static
../mongoose/mongoose.c:16911:22:mg_uecc_vli_modSquare_fast	24	static
../mongoose/mongoose.c:16920:13:vli_modInv_update	32	static
../mongoose/mongoose.c:16934:22:mg_uecc_vli_modInv	160	static
../mongoose/mongoose.c:17031:13:double_jacobian_default	104	static
../mongoose/mongoose.c:17080:13:x_side_default	72	static
../mongoose/mongoose.c:17097:13:mod_sqrt_default	88	static
../mongoose/mongoose.c:17862:15:mg_uecc_secp256r1	4	static
../mongoose/mongoose.c:18116:13:vli_mmod_fast_secp256r1	56	static
../mongoose/mongoose.c:18512:13:apply_z	56	static
../mongoose/mongoose.c:18523:13:XYcZ_initial_double	72	static
../mongoose/mongoose.c:18548:13:XYcZ_add	72	static
../mongoose/mongoose.c:18576:13:XYcZ_addC	144	static
../mongoose/mongoose.c:18616:13:EccPoint_mult	208	static
../mongoose/mongoose.c:18660:23:regularize_k	32	static
../mongoose/mongoose.c:18675:21:mg_uecc_generate_random_int	40	static
../mongoose/mongoose.c:18701:23:EccPoint_compute_public_key	112	static
../mongoose/mongoose.c:18749:22:mg_uecc_vli_nativeToBytes	32	static
../mongoose/mongoose.c:18759:22:mg_uecc_vli_bytesToNative	32	static
../mongoose/mongoose.c:18775:5:mg_uecc_make_key	128	static
../mongoose/mongoose.c:18806:5:mg_uecc_shared_secret	192	static
../mongoose/mongoose.c:18853:6:mg_uecc_compress	32	static
../mongoose/mongoose.c:18866:6:mg_uecc_decompress	96	static
../mongoose/mongoose.c:18893:21:mg_uecc_valid_point	88	static
../mongoose/mongoose.c:18917:5:mg_uecc_valid_public_key	80	static
../mongoose/mongoose.c:18932:5:mg_uecc_compute_public_key	120	static
../mongoose/mongoose.c:18972:13:bits2int	48	static
../mongoose/mongoose.c:19009:12:mg_uecc_sign_with_k_internal	192	static
../mongoose/mongoose.c:19106:5:mg_uecc_sign	72	static
../mongoose/mongoose.c:19127:13:HMAC_init	24	static
../mongoose/mongoose.c:19138:13:HMAC_update	24	static
../mongoose/mongoose.c:19143:13:HMAC_finish	32	static
../mongoose/mongoose.c:19159:13:update_V	24	static
../mongoose/mongoose.c:19174:5:mg_uecc_sign_deterministic	96	static
../mongoose/mongoose.c:19247:19:smax	16	static
../mongoose/mongoose.c:19251:5:mg_uecc_verify	520	static
../mongoose/mongoose.c:19459:15:umaal	88	static
../mongoose/mongoose.c:19466:15:adc	72	static
../mongoose/mongoose.c:19472:15:adc0	40	static
../mongoose/mongoose.c:19482:13:propagate	32	static
../mongoose/mongoose.c:19494:13:add	40	static
../mongoose/mongoose.c:19503:13:sub	72	static
../mongoose/mongoose.c:19516:13:mul	120	static
../mongoose/mongoose.c:19539:13:sqr	16	static
../mongoose/mongoose.c:19542:13:mul1	16	static
../mongoose/mongoose.c:19545:13:sqr1	16	static
../mongoose/mongoose.c:19549:13:condswap	32	static
../mongoose/mongoose.c:19562:15:canon	80	static
../mongoose/mongoose.c:19593:13:ladder_part1	40	static
../mongoose/mongoose.c:19610:13:ladder_part2	40	static
../mongoose/mongoose.c:19620:13:x25519_core	88	static
../mongoose/mongoose.c:19654:5:mg_tls_x25519	256	static
../mongoose/mongoose.c:19708:5:mg_url_is_ssl	16	static
../mongoose/mongoose.c:19714:19:urlparse	56	static
../mongoose/mongoose.c:19742:15:mg_url_host	56	static
../mongoose/mongoose.c:19751:13:mg_url_uri	48	static
../mongoose/mongoose.c:19756:16:mg_url_port	48	static
../mongoose/mongoose.c:19768:15:mg_url_user	64	static
../mongoose/mongoose.c:19778:15:mg_url_pass	64	static
../mongoose/mongoose.c:19796:6:mg_bzero	16	static
../mongoose/mongoose.c:19860:7:mg_random_str	24	static
../mongoose/mongoose.c:19873:10:mg_crc32	32	static
../mongoose/mongoose.c:19888:12:isbyte	16	static
../mongoose/mongoose.c:19892:12:parse_net	72	static
../mongoose/mongoose.c:19906:5:mg_check_ip_acl	56	static
../mongoose/mongoose.c:19924:6:mg_path_is_sane	24	static
../mongoose/mongoose.c:19939:10:mg_millis	16	static
../mongoose/mongoose.c:19989:10:mg_ntohs	16	static
../mongoose/mongoose.c:19993:10:mg_ntohl	16	static
../mongoose/mongoose.c:19997:6:mg_delayms	48	static
../mongoose/mongoose.c:20024:6:mg_wifi_scan	8	static
../mongoose/mongoose.c:20029:6:mg_wifi_connect	16	static
../mongoose/mongoose.c:20035:6:mg_wifi_disconnect	8	static
../mongoose/mongoose.c:20039:6:mg_wifi_ap_start	24	static
../mongoose/mongoose.c:20046:6:mg_wifi_ap_stop	8	static
../mongoose/mongoose.c:20072:8:mg_ws_vprintf	32	static
../mongoose/mongoose.c:20080:8:mg_ws_printf	24	static
../mongoose/mongoose.c:20089:13:ws_handshake	176	static
../mongoose/mongoose.c:20115:17:be32	16	static
../mongoose/mongoose.c:20120:15:ws_process	56	static
../mongoose/mongoose.c:20150:15:mkhdr	48	static
../mongoose/mongoose.c:20178:13:mg_ws_mask	32	static
../mongoose/mongoose.c:20186:8:mg_ws_send	48	static
../mongoose/mongoose.c:20197:13:mg_ws_client_handshake	560	static
../mongoose/mongoose.c:20220:13:mg_ws_cb	72	static
../mongoose/mongoose.c:20289:23:mg_ws_connect	112	static
../mongoose/mongoose.c:20319:6:mg_ws_upgrade	40	static
../mongoose/mongoose.c:20339:8:mg_ws_wrap	48	static
../mongoose/mongoose.c:22139:20:mg_phy_id_to_str	16	static
../mongoose/mongoose.c:22166:6:mg_phy_init	32	static
../mongoose/mongoose.c:22217:6:mg_phy_up	48	static
../mongoose/mongoose.c:23967:17:eth_read_phy	16	static
../mongoose/mongoose.c:23975:13:eth_write_phy	16	static
../mongoose/mongoose.c:23983:13:mg_tcpip_driver_stm32h_init	48	static
../mongoose/mongoose.c:24060:15:mg_tcpip_driver_stm32h_tx	40	static
../mongoose/mongoose.c:24084:13:mg_tcpip_driver_stm32h_update_hash_table	16	static
../mongoose/mongoose.c:24099:13:mg_tcpip_driver_stm32h_poll	40	static
../mongoose/mongoose.c:24132:6:ETH_IRQHandler	16	static
