../Core/Src/main.c:106:5:_write	3
../Core/Src/main.c:112:6:mg_random	3
../Core/Src/main.c:126:5:main	1
../Core/Src/main.c:216:6:SystemClock_Config	4
../Core/Src/main.c:277:13:MX_ETH_Init	2
../Core/Src/main.c:326:13:MX_RNG_Init	2
../Core/Src/main.c:353:13:MX_USART2_UART_Init	5
../Core/Src/main.c:401:13:MX_USART3_UART_Init	5
../Core/Src/main.c:449:13:MX_GPIO_Init	1
../Core/Src/main.c:499:22:rs485_set_tx	1
../Core/Src/main.c:500:22:rs485_set_rx	1
../Core/Src/main.c:507:10:Modbus_CRC16	4
../Core/Src/main.c:520:12:pzem_read_registers	8
../Core/Src/main.c:594:5:pzem_read_all	4
../Core/Src/main.c:641:13:pzem_to_json	1
../Core/Src/main.c:671:6:StartDefaultTask	1
../Core/Src/main.c:693:6:StartTask02	4
../Core/Src/main.c:736:6:MPU_Config	1
../Core/Src/main.c:771:6:HAL_TIM_PeriodElapsedCallback	2
../Core/Src/main.c:789:6:Error_Handler	1
